[debug] [2023-07-26T17:29:59.226Z] ----------------------------------------------------------------------
[debug] [2023-07-26T17:29:59.228Z] Command:       C:\Program Files\nodejs\node.exe C:\Users\Nayan\AppData\Roaming\npm\node_modules\firebase-tools\lib\bin\firebase.js init
[debug] [2023-07-26T17:29:59.228Z] CLI Version:   12.4.4
[debug] [2023-07-26T17:29:59.228Z] Platform:      win32
[debug] [2023-07-26T17:29:59.228Z] Node Version:  v18.17.0
[debug] [2023-07-26T17:29:59.229Z] Time:          Wed Jul 26 2023 23:29:59 GMT+0600 (Bangladesh Standard Time)
[debug] [2023-07-26T17:29:59.229Z] ----------------------------------------------------------------------
[debug] 
[debug] [2023-07-26T17:29:59.307Z] > command requires scopes: ["email","openid","https://www.googleapis.com/auth/cloudplatformprojects.readonly","https://www.googleapis.com/auth/firebase","https://www.googleapis.com/auth/cloud-platform"]
[debug] [2023-07-26T17:29:59.307Z] > authorizing via signed-in user (saklain15-12003@diu.edu.bd)
[info] 
     ######## #### ########  ######## ########     ###     ######  ########
     ##        ##  ##     ## ##       ##     ##  ##   ##  ##       ##
     ######    ##  ########  ######   ########  #########  ######  ######
     ##        ##  ##    ##  ##       ##     ## ##     ##       ## ##
     ##       #### ##     ## ######## ########  ##     ##  ######  ########

You're about to initialize a Firebase project in this directory:

  E:\RentHome\home-for-rent

Before we get started, keep in mind:

  * You are initializing within an existing Firebase project directory

[info] 
=== Project Setup
[info] 
[info] First, let's associate this project directory with a Firebase project.
[info] You can create multiple project aliases by running firebase use --add, 
[info] but for now we'll just set up a default project.
[info] 
[debug] [2023-07-26T17:31:32.696Z] Using project from CLI flag: home-rent-b0669
[debug] [2023-07-26T17:31:32.698Z] >>> [apiv2][query] GET https://firebase.googleapis.com/v1beta1/projects/home-rent-b0669 [none]
[debug] [2023-07-26T17:31:33.363Z] <<< [apiv2][status] GET https://firebase.googleapis.com/v1beta1/projects/home-rent-b0669 200
[debug] [2023-07-26T17:31:33.363Z] <<< [apiv2][body] GET https://firebase.googleapis.com/v1beta1/projects/home-rent-b0669 {"projectId":"home-rent-b0669","projectNumber":"532281799375","displayName":"home-rent","name":"projects/home-rent-b0669","resources":{"hostingSite":"home-rent-b0669"},"state":"DELETED","etag":"1_02879336-dc59-4a8d-83a6-ee9288ddc0eb"}
[info] i  Using project home-rent-b0669 (home-rent) 
[info] 
=== Hosting Setup
[info] 
[info] Your public directory is the folder (relative to your project directory) that
[info] will contain Hosting assets to be uploaded with firebase deploy. If you
[info] have a build process for your assets, use your build's output directory.
[info] 
[debug] [2023-07-26T17:31:56.492Z] ----------------------------------------------------------------------
[debug] [2023-07-26T17:31:56.494Z] Command:       C:\Program Files\nodejs\node.exe C:\Users\Nayan\AppData\Roaming\npm\node_modules\firebase-tools\lib\bin\firebase.js init
[debug] [2023-07-26T17:31:56.494Z] CLI Version:   12.4.4
[debug] [2023-07-26T17:31:56.495Z] Platform:      win32
[debug] [2023-07-26T17:31:56.495Z] Node Version:  v18.17.0
[debug] [2023-07-26T17:31:56.496Z] Time:          Wed Jul 26 2023 23:31:56 GMT+0600 (Bangladesh Standard Time)
[debug] [2023-07-26T17:31:56.496Z] ----------------------------------------------------------------------
[debug] 
[debug] [2023-07-26T17:31:56.573Z] > command requires scopes: ["email","openid","https://www.googleapis.com/auth/cloudplatformprojects.readonly","https://www.googleapis.com/auth/firebase","https://www.googleapis.com/auth/cloud-platform"]
[debug] [2023-07-26T17:31:56.573Z] > authorizing via signed-in user (saklain15-12003@diu.edu.bd)
[info] 
     ######## #### ########  ######## ########     ###     ######  ########
     ##        ##  ##     ## ##       ##     ##  ##   ##  ##       ##
     ######    ##  ########  ######   ########  #########  ######  ######
     ##        ##  ##    ##  ##       ##     ## ##     ##       ## ##
     ##       #### ##     ## ######## ########  ##     ##  ######  ########

You're about to initialize a Firebase project in this directory:

  E:\RentHome\home-for-rent

Before we get started, keep in mind:

  * You are initializing within an existing Firebase project directory

[info] 
=== Project Setup
[info] 
[info] First, let's associate this project directory with a Firebase project.
[info] You can create multiple project aliases by running firebase use --add, 
[info] but for now we'll just set up a default project.
[info] 
[debug] [2023-07-26T17:32:00.560Z] Using project from CLI flag: home-rent-b0669
[debug] [2023-07-26T17:32:00.562Z] >>> [apiv2][query] GET https://firebase.googleapis.com/v1beta1/projects/home-rent-b0669 [none]
[debug] [2023-07-26T17:32:01.082Z] <<< [apiv2][status] GET https://firebase.googleapis.com/v1beta1/projects/home-rent-b0669 200
[debug] [2023-07-26T17:32:01.082Z] <<< [apiv2][body] GET https://firebase.googleapis.com/v1beta1/projects/home-rent-b0669 {"projectId":"home-rent-b0669","projectNumber":"532281799375","displayName":"home-rent","name":"projects/home-rent-b0669","resources":{"hostingSite":"home-rent-b0669"},"state":"DELETED","etag":"1_02879336-dc59-4a8d-83a6-ee9288ddc0eb"}
[info] i  Using project home-rent-b0669 (home-rent) 
[info] 
=== Hosting Setup
[info] 
[info] Your public directory is the folder (relative to your project directory) that
[info] will contain Hosting assets to be uploaded with firebase deploy. If you
[info] have a build process for your assets, use your build's output directory.
[info] 
